OneLogger: Setting error_handling_strategy to DISABLE_QUIETLY_AND_REPORT_METRIC_ERROR for rank (rank=0) with OneLogger disabled. To override: explicitly set error_handling_strategy parameter.
No exporters were provided. This means that no telemetry data will be collected.
🤖 Provider: keel_cascaded
📋 Loaded 100 scenarios
📁 Found 100 input.wav files
   Filtered to example=travel_10: 1
🔊 Loading ASR model...
[NeMo I 2026-09-25 12:22:30 mixins:79] Tokenizer SentencePieceTokenizer initialized with 1024 tokens
[NeMo W 2026-09-25 12:22:34 rnnt_models:63] If you intend to do training or fine-tuning, please call the ModelPT.setup_training_data() method and provide a valid configuration file to setup the train data loader.
    Train config : 
    use_lhotse: true
    skip_missing_manifest_entries: true
    input_cfg: null
    tarred_audio_filepaths: null
    manifest_filepath: null
    sample_rate: 16000
    shuffle: true
    num_workers: 2
    pin_memory: true
    max_duration: 40.0
    min_duration: 0.1
    text_field: answer
    batch_duration: null
    use_bucketing: true
    bucket_duration_bins: null
    bucket_batch_size: null
    num_buckets: 30
    bucket_buffer_size: 20000
    shuffle_buffer_size: 10000
    
[NeMo W 2026-09-25 12:22:34 rnnt_models:63] If you intend to do validation, please call the ModelPT.setup_validation_data() or ModelPT.setup_multiple_validation_data() method and provide a valid configuration file to setup the validation data loader(s). 
    Validation config : 
    use_lhotse: true
    manifest_filepath: null
    sample_rate: 16000
    batch_size: 16
    shuffle: false
    max_duration: 40.0
    min_duration: 0.1
    num_workers: 2
    pin_memory: true
    text_field: answer
    
[NeMo I 2026-09-25 12:22:47 rnnt_models:83] Using RNNT Loss : tdt
    Loss tdt_kwargs: {'fastemit_lambda': 0.0, 'clamp': -1.0, 'durations': [0, 1, 2, 3, 4], 'sigma': 0.02, 'omega': 0.1}
[NeMo I 2026-09-25 12:22:47 rnnt_models:231] Using RNNT Loss : tdt
    Loss tdt_kwargs: {'fastemit_lambda': 0.0, 'clamp': -1.0, 'durations': [0, 1, 2, 3, 4], 'sigma': 0.02, 'omega': 0.1}
[NeMo I 2026-09-25 12:22:47 rnnt_models:231] Using RNNT Loss : tdt
    Loss tdt_kwargs: {'fastemit_lambda': 0.0, 'clamp': -1.0, 'durations': [0, 1, 2, 3, 4], 'sigma': 0.02, 'omega': 0.1}
[W925 12:22:48.358254642 CUDACachingAllocator.cpp:3934] memory allocation failed with OOM on device 0 while trying to allocate 20971520 bytes (free: 1643852596, total: 4294443008).
[W925 12:22:48.362365514 CUDACachingAllocator.cpp:3934] memory allocation failed with OOM on device 0 while trying to allocate 20971520 bytes (free: 1643852596, total: 4294443008).
Traceback (most recent call last):
  File "/home/harshit/keel/third_party/Full-Duplex-Bench/v3/run_tool_benchmark.py", line 582, in <module>
    main()
  File "/home/harshit/keel/third_party/Full-Duplex-Bench/v3/run_tool_benchmark.py", line 511, in main
    asr_model = load_asr_model()
  File "/home/harshit/keel/third_party/Full-Duplex-Bench/v3/run_tool_benchmark.py", line 132, in load_asr_model
    model = nemo_asr.models.ASRModel.from_pretrained(model_name=ASR_MODEL_NAME)
  File "/home/harshit/keel/.venv-bench/lib/python3.10/site-packages/nemo/core/classes/common.py", line 1059, in from_pretrained
    instance = class_.restore_from(
  File "/home/harshit/keel/.venv-bench/lib/python3.10/site-packages/nemo/core/classes/modelPT.py", line 489, in restore_from
    instance = cls._save_restore_connector.restore_from(
  File "/home/harshit/keel/.venv-bench/lib/python3.10/site-packages/nemo/core/connectors/save_restore_connector.py", line 272, in restore_from
    loaded_params = self.load_config_and_state_dict(
  File "/home/harshit/keel/.venv-bench/lib/python3.10/site-packages/nemo/core/connectors/save_restore_connector.py", line 194, in load_config_and_state_dict
    instance = instance.to(map_location)
  File "/home/harshit/keel/.venv-bench/lib/python3.10/site-packages/lightning/fabric/utilities/device_dtype_mixin.py", line 55, in to
    return super().to(*args, **kwargs)
  File "/home/harshit/keel/.venv-bench/lib/python3.10/site-packages/torch/nn/modules/module.py", line 1388, in to
    return self._apply(convert)
  File "/home/harshit/keel/.venv-bench/lib/python3.10/site-packages/torch/nn/modules/module.py", line 933, in _apply
    module._apply(fn)
  File "/home/harshit/keel/.venv-bench/lib/python3.10/site-packages/torch/nn/modules/module.py", line 933, in _apply
    module._apply(fn)
  File "/home/harshit/keel/.venv-bench/lib/python3.10/site-packages/torch/nn/modules/module.py", line 933, in _apply
    module._apply(fn)
  [Previous line repeated 2 more times]
  File "/home/harshit/keel/.venv-bench/lib/python3.10/site-packages/torch/nn/modules/module.py", line 966, in _apply
    param_applied = fn(param)
  File "/home/harshit/keel/.venv-bench/lib/python3.10/site-packages/torch/nn/modules/module.py", line 1374, in convert
    return t.to(
torch.OutOfMemoryError: CUDA out of memory. Tried to allocate 20.00 MiB. GPU 0 has a total capacity of 4.00 GiB of which 1.53 GiB is free. Including non-PyTorch memory, this process has 17179869184.00 GiB memory in use. Of the allocated memory 1.69 GiB is allocated by PyTorch, and 1.60 MiB is reserved by PyTorch but unallocated. If reserved but unallocated memory is large try setting PYTORCH_CUDA_ALLOC_CONF=expandable_segments:True to avoid fragmentation.  See documentation for Memory Management  (https://docs.pytorch.org/docs/stable/notes/cuda.html#optimizing-memory-usage-with-pytorch-cuda-alloc-conf)
